<?xml version="1.0" encoding="windows-1250"?>
<document>
  <datasets>
    <dataset0>
      <rows>
        <row>
          <fields>
            <idradr>0</idradr>
            <firma>AAAAAAAAAAAAAAAAAAA</firma>
            <ico>AAAAAAAAAAAA</ico>
            <meno>AAAAAAAAAAAAAAAAAAA</meno>
            <ulica>AAAAAAAAAAAAAAAAAAA</ulica>
            <mesto>AAAAAAAAAAAAAAAAAAA</mesto>
            <stat>AAAAAAAAAAAAAAAAAAA</stat>
            <ine>AAAAAAAAAAAAAAAAAAA</ine>
            <psc>AAAAAAAAAAAAAAA</psc>
            <cisob>AAAAAA</cisob>
            <cisorp>AAAAAA</cisorp>
            <dic>AAAAAAAAAAAAAAAAA</dic>
            <telefon>AAAAAAAAAAAAAAAAAAA</telefon>
            <telefon2>AAAAAAAAAAAAAAAAAAA</telefon2>
            <telefon3>AAAAAAAAAAAAAAAAAAA</telefon3>
            <fax>AAAAAAAAAAAAAAAAAAA</fax>
            <email>AAAAAAAAAAAAAAAAAAA</email>
            <poznamka>AAAAAAAAAAAAAAAAAAA</poznamka>
            <fyzosob>T</fyzosob>
            <firma2>AAAAAAAAAAAAAAAAAAA</firma2>
            <id>AAAAAAAAAA</id>
            <datnaroz>1990-05-26</datnaroz>
            <dan_urad>AAAAA</dan_urad>
            <splatnost>0</splatnost>
            <icoprij>AAAAAAAAAAAA</icoprij>
            <eankod>AAAAAAAAAAAAAAAAAA</eankod>
            <eansys>AAAAAAAAAAAAAAAAA</eansys>
            <formauhrad>AAAAAAAAAA</formauhrad>
            <sposobdopr>AAAAAAAAAA</sposobdopr>
            <varsymbfv>AAAAAAAAAA</varsymbfv>
            <varsymbfp>AAAAAAAAAA</varsymbfp>
            <specsymbfv>AAAAAAAAAA</specsymbfv>
            <specsymbfp>AAAAAAAAAA</specsymbfp>
            <na_platno>0</na_platno>
            <objemail>AAAAAAAAAAAAAAAAAAA</objemail>
            <fakemail>AAAAAAAAAAAAAAAAAAA</fakemail>
            <skontoproc>0</skontoproc>
            <skontodny>0</skontodny>
            <faksleva>0</faksleva>
            <cispovol>AAAAAAAAAAAAA</cispovol>
            <typpovol>0</typpovol>
            <velobch>T</velobch>
            <kodstat>AA</kodstat>
            <ic_dph>AAAAAAAAAAAAAA</ic_dph>
            <usrfld1>AAAAAAAAAAAAAAAAAAA</usrfld1>
            <usrfld2>AAAAAAAAAAAAAAAAAAA</usrfld2>
            <usrfld3>AAAAAAAAAAAAAAAAAAA</usrfld3>
            <usrfld4>AAAAAAAAAAAAAAAAAAA</usrfld4>
            <usrfld5>AAAAAAAAAAAAAAAAAAA</usrfld5>
          </fields>
        </row>
      </rows>
    </dataset0>
  </datasets>
</document>
