<?xml version="1.0" encoding="windows-1250"?>
<document>
  <datasets>
    <dataset0>
      <rows>
        <row>
          <fields>
            <idfak>1</idfak>
            <druh>F</druh>
            <cislo>2017100001</cislo>
            <varsymb>2017100001</varsymb>
            <ico>45580090</ico>
            <typdph>41</typdph>
            <rezim_dph>0</rezim_dph>
            <stat_dph>SK</stat_dph>
            <vatnumber>SK12345678</vatnumber>
            <kh_leasing>F</kh_leasing>
            <zakl0>1500</zakl0>
            <zakl1>0</zakl1>
            <zakl2>0</zakl2>
            <mimodph>0</mimodph>
            <dph1>0</dph1>
            <dph2>0</dph2>
            <zaplaccislo>AAAAAAAAAA</zaplaccislo>
            <cislododli>2017100001</cislododli>
            <storno_fa>AAAAAAAAAA</storno_fa>
            <storno_pro>AAAAAAAAAA</storno_pro>
            <dobropis_pro>AAAAAAAAAA</dobropis_pro>
            <vrubopis_pro>AAAAAAAAAA</vrubopis_pro>
            <cis_predf>AAAAAAAAAA</cis_predf>
            <datvystave>1990-05-26</datvystave>
            <datzdanpln>1990-05-26</datzdanpln>
            <datsplatno>1990-05-26</datsplatno>
            <datdodani>1990-05-26</datdodani>
            <konstsymb>0008</konstsymb>
            <specisymb>AAAAAAAAAA</specisymb>
            <stredisko>AAAAAA</stredisko>
            <formauhrad>prevodom</formauhrad>
            <sposobdopr>kurier</sposobdopr>
            <cisloobjed>2017200059</cisloobjed>
            <datobjed>1990-05-26</datobjed>
            <prikazuhr>0</prikazuhr>
            <mena>EUR</mena>
            <kurz_zahr>1</kurz_zahr>
            <kurz_sk>1</kurz_sk>
            <kurz_eur>1</kurz_eur>
            <kurz_eur_p>1</kurz_eur_p>
            <platkar>0</platkar>
            <cisplatkar>AAAAAAAAAAAAAAAAAAA</cisplatkar>
            <typ_dokl>AA</typ_dokl>
            <origcislo>AAAAAAAAAAAAAAAAAAA</origcislo>
            <cislo_zak>AAAAAAAAAAAAAAA</cislo_zak>
            <celk_zahr>0</celk_zahr>
            <icoprij>AAAAAAAAAAAA</icoprij>
            <cenysdph>F</cenysdph>
            <zlava>0</zlava>
            <skonto>0</skonto>
            <skontoproc>0</skontoproc>
            <skontodny>0</skontodny>
            <kodplneni>A</kodplneni>
            <hmotnost>10</hmotnost>
            <typ_pol>AA</typ_pol>
            <pdsyntet>0</pdsyntet>
            <pdanalyt>0</pdanalyt>
            <poznamka>Put your note here</poznamka>
            <spotrdand>0</spotrdand>
            <ekodand>0</ekodand>
            <ekokom>0</ekokom>
            <usrfld1>AAAAAAAAAAAAAAAAAAA</usrfld1>
            <usrfld2>AAAAAAAAAAAAAAAAAAA</usrfld2>
            <usrfld3>AAAAAAAAAAAAAAAAAAA</usrfld3>
            <usrfld4>AAAAAAAAAAAAAAAAAAA</usrfld4>
            <usrfld5>AAAAAAAAAAAAAAAAAAA</usrfld5>
          </fields>
        </row>
      </rows>
    </dataset0>
  </datasets>
</document>
